PS C:\Users\abhay\Documents\GitHub> myworld\Scripts\activate.bat
PS C:\Users\abhay\Documents\GitHub> django-admin startproject projectname
>> 
PS C:\Users\abhay\Documents\GitHub> cd projectname
>> 
PS C:\Users\abhay\Documents\GitHub\projectname> python manage.py migrate
>> 
Operations to perform:
  Apply all migrations: admin, auth, contenttypes, sessions
Running migrations:
  Applying contenttypes.0001_initial... OK
  Applying auth.0001_initial... OK
  Applying admin.0001_initial... OK
  Applying admin.0002_logentry_remove_auto_add... OK
  Applying admin.0003_logentry_add_action_flag_choices... OK
  Applying contenttypes.0002_remove_content_type_name... OK
  Applying auth.0002_alter_permission_name_max_length... OK
  Applying auth.0003_alter_user_email_max_length... OK
  Applying auth.0004_alter_user_username_opts... OK
  Applying auth.0005_alter_user_last_login_null... OK
  Applying auth.0006_require_contenttypes_0002... OK
  Applying auth.0007_alter_validators_add_error_messages... OK
  Applying auth.0008_alter_user_username_max_length... OK
  Applying auth.0009_alter_user_last_name_max_length... OK
  Applying auth.0010_alter_group_name_max_length... OK
  Applying auth.0011_update_proxy_permissions... OK
  Applying auth.0012_alter_user_first_name_max_length... OK
  Applying sessions.0001_initial... OK
PS C:\Users\abhay\Documents\GitHub\projectname> python manage.py runserver
>>
Watching for file changes with StatReloader
Performing system checks...

System check identified no issues (0 silenced).
June 11, 2023 - 12:33:17
Django version 4.2.2, using settings 'projectname.settings'
Starting development server at http://127.0.0.1:8000/
Quit the server with CTRL-BREAK.     

[11/Jun/2023 12:34:28] "GET / HTTP/1.1" 200 10664
